../Core/Src/main.c:86:6:MPU6050_Init	32	static
../Core/Src/main.c:106:6:MPU6050_Read_Accel	32	static
../Core/Src/main.c:121:6:MPU6050_Read_Gyro	32	static
../Core/Src/main.c:141:5:main	40	static
../Core/Src/main.c:211:6:SystemClock_Config	96	static
../Core/Src/main.c:261:13:MX_I2C1_Init	8	static
../Core/Src/main.c:309:13:MX_I2C2_Init	8	static
../Core/Src/main.c:357:13:MX_USART1_UART_Init	8	static
../Core/Src/main.c:390:13:MX_DMA_Init	16	static
../Core/Src/main.c:411:13:MX_GPIO_Init	40	static
../Core/Src/main.c:474:6:Error_Handler	4	static,ignoring_inline_asm
