../Core/Src/main.c:82:5:main	40	static
../Core/Src/main.c:150:6:SystemClock_Config	96	static
../Core/Src/main.c:200:13:MX_I2C1_Init	8	static
../Core/Src/main.c:248:13:MX_I2C2_Init	8	static
../Core/Src/main.c:296:13:MX_USART1_UART_Init	8	static
../Core/Src/main.c:329:13:MX_DMA_Init	16	static
../Core/Src/main.c:350:13:MX_GPIO_Init	40	static
../Core/Src/main.c:406:6:MPU6050_Init	24	static
../Core/Src/main.c:415:6:MPU6050_Read_Accel	40	static
../Core/Src/main.c:434:6:Error_Handler	4	static,ignoring_inline_asm
