../Core/Src/main.c:81:6:DHT11_Delay	16	static
../Core/Src/main.c:87:6:DHT11_Start	32	static
../Core/Src/main.c:102:9:DHT11_CheckResponse	32	static
../Core/Src/main.c:120:9:DHT11_ReadByte	16	static
../Core/Src/main.c:132:9:DHT11_Read	48	static
../Core/Src/main.c:168:5:main	16	static
../Core/Src/main.c:244:6:SystemClock_Config	96	static
../Core/Src/main.c:294:13:MX_TIM1_Init	40	static
../Core/Src/main.c:341:13:MX_USART1_UART_Init	8	static
../Core/Src/main.c:374:13:MX_DMA_Init	16	static
../Core/Src/main.c:395:13:MX_GPIO_Init	40	static
../Core/Src/main.c:465:6:Error_Handler	4	static,ignoring_inline_asm
