../Core/Src/main.c:91:5:main	8	static
../Core/Src/main.c:155:6:HAL_GPIO_EXTI_Callback	24	static
../Core/Src/main.c:174:6:HAL_TIM_PeriodElapsedCallback	24	static
../Core/Src/main.c:208:6:SystemClock_Config	96	static
../Core/Src/main.c:261:13:MX_TIM2_Init	64	static
../Core/Src/main.c:330:13:MX_TIM5_Init	40	static
../Core/Src/main.c:381:13:MX_TIM6_Init	24	static
../Core/Src/main.c:423:13:MX_TIM7_Init	24	static
../Core/Src/main.c:465:13:MX_TIM15_Init	128	static
../Core/Src/main.c:567:13:MX_USART2_UART_Init	8	static
../Core/Src/main.c:604:13:MX_GPIO_Init	48	static
../Core/Src/main.c:662:6:Error_Handler	4	static,ignoring_inline_asm
